Archive member included to satisfy reference by file (symbol)

c:/st/stm32cubeide_1.7.0/stm32cubeide/plugins/com.st.stm32cube.ide.mcu.externaltools.gnu-tools-for-stm32.9-2020-q2-update.win32_2.0.0.202105311346/tools/bin/../lib/gcc/arm-none-eabi/9.3.1/../../../../arm-none-eabi/lib/thumb/v7-m/nofp\libc_nano.a(lib_a-errno.o)
                              ./Core/Src/syscalls.o (__errno)
c:/st/stm32cubeide_1.7.0/stm32cubeide/plugins/com.st.stm32cube.ide.mcu.externaltools.gnu-tools-for-stm32.9-2020-q2-update.win32_2.0.0.202105311346/tools/bin/../lib/gcc/arm-none-eabi/9.3.1/../../../../arm-none-eabi/lib/thumb/v7-m/nofp\libc_nano.a(lib_a-exit.o)
                              c:/st/stm32cubeide_1.7.0/stm32cubeide/plugins/com.st.stm32cube.ide.mcu.externaltools.gnu-tools-for-stm32.9-2020-q2-update.win32_2.0.0.202105311346/tools/bin/../lib/gcc/arm-none-eabi/9.3.1/../../../../arm-none-eabi/lib/thumb/v7-m/nofp/crt0.o (exit)
c:/st/stm32cubeide_1.7.0/stm32cubeide/plugins/com.st.stm32cube.ide.mcu.externaltools.gnu-tools-for-stm32.9-2020-q2-update.win32_2.0.0.202105311346/tools/bin/../lib/gcc/arm-none-eabi/9.3.1/../../../../arm-none-eabi/lib/thumb/v7-m/nofp\libc_nano.a(lib_a-impure.o)
                              c:/st/stm32cubeide_1.7.0/stm32cubeide/plugins/com.st.stm32cube.ide.mcu.externaltools.gnu-tools-for-stm32.9-2020-q2-update.win32_2.0.0.202105311346/tools/bin/../lib/gcc/arm-none-eabi/9.3.1/../../../../arm-none-eabi/lib/thumb/v7-m/nofp\libc_nano.a(lib_a-exit.o) (_global_impure_ptr)
c:/st/stm32cubeide_1.7.0/stm32cubeide/plugins/com.st.stm32cube.ide.mcu.externaltools.gnu-tools-for-stm32.9-2020-q2-update.win32_2.0.0.202105311346/tools/bin/../lib/gcc/arm-none-eabi/9.3.1/../../../../arm-none-eabi/lib/thumb/v7-m/nofp\libc_nano.a(lib_a-init.o)
                              c:/st/stm32cubeide_1.7.0/stm32cubeide/plugins/com.st.stm32cube.ide.mcu.externaltools.gnu-tools-for-stm32.9-2020-q2-update.win32_2.0.0.202105311346/tools/bin/../lib/gcc/arm-none-eabi/9.3.1/../../../../arm-none-eabi/lib/thumb/v7-m/nofp/crt0.o (__libc_init_array)
c:/st/stm32cubeide_1.7.0/stm32cubeide/plugins/com.st.stm32cube.ide.mcu.externaltools.gnu-tools-for-stm32.9-2020-q2-update.win32_2.0.0.202105311346/tools/bin/../lib/gcc/arm-none-eabi/9.3.1/../../../../arm-none-eabi/lib/thumb/v7-m/nofp\libc_nano.a(lib_a-memset.o)
                              c:/st/stm32cubeide_1.7.0/stm32cubeide/plugins/com.st.stm32cube.ide.mcu.externaltools.gnu-tools-for-stm32.9-2020-q2-update.win32_2.0.0.202105311346/tools/bin/../lib/gcc/arm-none-eabi/9.3.1/../../../../arm-none-eabi/lib/thumb/v7-m/nofp/crt0.o (memset)

Allocating common symbols
Common symbol       size              file

uwTick              0x4               ./Drivers/STM32F1xx_HAL_Driver/Src/stm32f1xx_hal.o
pFlash              0x20              ./Drivers/STM32F1xx_HAL_Driver/Src/stm32f1xx_hal_flash.o
htim2               0x48              ./Core/Src/main.o

Discarded input sections

 .text          0x0000000000000000        0x0 c:/st/stm32cubeide_1.7.0/stm32cubeide/plugins/com.st.stm32cube.ide.mcu.externaltools.gnu-tools-for-stm32.9-2020-q2-update.win32_2.0.0.202105311346/tools/bin/../lib/gcc/arm-none-eabi/9.3.1/thumb/v7-m/nofp/crti.o
 .data          0x0000000000000000        0x0 c:/st/stm32cubeide_1.7.0/stm32cubeide/plugins/com.st.stm32cube.ide.mcu.externaltools.gnu-tools-for-stm32.9-2020-q2-update.win32_2.0.0.202105311346/tools/bin/../lib/gcc/arm-none-eabi/9.3.1/thumb/v7-m/nofp/crti.o
 .bss           0x0000000000000000        0x0 c:/st/stm32cubeide_1.7.0/stm32cubeide/plugins/com.st.stm32cube.ide.mcu.externaltools.gnu-tools-for-stm32.9-2020-q2-update.win32_2.0.0.202105311346/tools/bin/../lib/gcc/arm-none-eabi/9.3.1/thumb/v7-m/nofp/crti.o
 .data          0x0000000000000000        0x4 c:/st/stm32cubeide_1.7.0/stm32cubeide/plugins/com.st.stm32cube.ide.mcu.externaltools.gnu-tools-for-stm32.9-2020-q2-update.win32_2.0.0.202105311346/tools/bin/../lib/gcc/arm-none-eabi/9.3.1/thumb/v7-m/nofp/crtbegin.o
 .text          0x0000000000000000       0x7c c:/st/stm32cubeide_1.7.0/stm32cubeide/plugins/com.st.stm32cube.ide.mcu.externaltools.gnu-tools-for-stm32.9-2020-q2-update.win32_2.0.0.202105311346/tools/bin/../lib/gcc/arm-none-eabi/9.3.1/../../../../arm-none-eabi/lib/thumb/v7-m/nofp/crt0.o
 .data          0x0000000000000000        0x0 c:/st/stm32cubeide_1.7.0/stm32cubeide/plugins/com.st.stm32cube.ide.mcu.externaltools.gnu-tools-for-stm32.9-2020-q2-update.win32_2.0.0.202105311346/tools/bin/../lib/gcc/arm-none-eabi/9.3.1/../../../../arm-none-eabi/lib/thumb/v7-m/nofp/crt0.o
 .bss           0x0000000000000000        0x0 c:/st/stm32cubeide_1.7.0/stm32cubeide/plugins/com.st.stm32cube.ide.mcu.externaltools.gnu-tools-for-stm32.9-2020-q2-update.win32_2.0.0.202105311346/tools/bin/../lib/gcc/arm-none-eabi/9.3.1/../../../../arm-none-eabi/lib/thumb/v7-m/nofp/crt0.o
[...]
Memory Configuration

Name             Origin             Length             Attributes
RAM              0x0000000020000000 0x0000000000002800 xrw
FLASH            0x0000000008000000 0x0000000000008000 xr
*default*        0x0000000000000000 0xffffffffffffffff

Linker script and memory map

LOAD c:/st/stm32cubeide_1.7.0/stm32cubeide/plugins/com.st.stm32cube.ide.mcu.externaltools.gnu-tools-for-stm32.9-2020-q2-update.win32_2.0.0.202105311346/tools/bin/../lib/gcc/arm-none-eabi/9.3.1/thumb/v7-m/nofp/crti.o
LOAD c:/st/stm32cubeide_1.7.0/stm32cubeide/plugins/com.st.stm32cube.ide.mcu.externaltools.gnu-tools-for-stm32.9-2020-q2-update.win32_2.0.0.202105311346/tools/bin/../lib/gcc/arm-none-eabi/9.3.1/thumb/v7-m/nofp/crtbegin.o
LOAD c:/st/stm32cubeide_1.7.0/stm32cubeide/plugins/com.st.stm32cube.ide.mcu.externaltools.gnu-tools-for-stm32.9-2020-q2-update.win32_2.0.0.202105311346/tools/bin/../lib/gcc/arm-none-eabi/9.3.1/../../../../arm-none-eabi/lib/thumb/v7-m/nofp/crt0.o
LOAD ./Core/Src/button.o
LOAD ./Core/Src/display7SEG.o
LOAD ./Core/Src/fsm_auto.o
LOAD ./Core/Src/fsm_manual.o
LOAD ./Core/Src/fsm_setting.o
LOAD ./Core/Src/fsm_traffic.o
LOAD ./Core/Src/global.o
LOAD ./Core/Src/main.o
LOAD ./Core/Src/software_timer.o
LOAD ./Core/Src/stm32f1xx_hal_msp.o
LOAD ./Core/Src/stm32f1xx_it.o
LOAD ./Core/Src/syscalls.o
LOAD ./Core/Src/sysmem.o
LOAD ./Core/Src/system_stm32f1xx.o
LOAD ./Core/Src/traffic_2_lane.o
LOAD ./Core/Startup/startup_stm32f103c6tx.o
LOAD ./Drivers/STM32F1xx_HAL_Driver/Src/stm32f1xx_hal.o
LOAD ./Drivers/STM32F1xx_HAL_Driver/Src/stm32f1xx_hal_cortex.o
LOAD ./Drivers/STM32F1xx_HAL_Driver/Src/stm32f1xx_hal_dma.o
LOAD ./Drivers/STM32F1xx_HAL_Driver/Src/stm32f1xx_hal_exti.o
LOAD ./Drivers/STM32F1xx_HAL_Driver/Src/stm32f1xx_hal_flash.o
LOAD ./Drivers/STM32F1xx_HAL_Driver/Src/stm32f1xx_hal_flash_ex.o
LOAD ./Drivers/STM32F1xx_HAL_Driver/Src/stm32f1xx_hal_gpio.o
LOAD ./Drivers/STM32F1xx_HAL_Driver/Src/stm32f1xx_hal_gpio_ex.o
LOAD ./Drivers/STM32F1xx_HAL_Driver/Src/stm32f1xx_hal_pwr.o
LOAD ./Drivers/STM32F1xx_HAL_Driver/Src/stm32f1xx_hal_rcc.o
LOAD ./Drivers/STM32F1xx_HAL_Driver/Src/stm32f1xx_hal_rcc_ex.o
LOAD ./Drivers/STM32F1xx_HAL_Driver/Src/stm32f1xx_hal_tim.o
LOAD ./Drivers/STM32F1xx_HAL_Driver/Src/stm32f1xx_hal_tim_ex.o
START GROUP
LOAD c:/st/stm32cubeide_1.7.0/stm32cubeide/plugins/com.st.stm32cube.ide.mcu.externaltools.gnu-tools-for-stm32.9-2020-q2-update.win32_2.0.0.202105311346/tools/bin/../lib/gcc/arm-none-eabi/9.3.1/../../../../arm-none-eabi/lib/thumb/v7-m/nofp\libc_nano.a
LOAD c:/st/stm32cubeide_1.7.0/stm32cubeide/plugins/com.st.stm32cube.ide.mcu.externaltools.gnu-tools-for-stm32.9-2020-q2-update.win32_2.0.0.202105311346/tools/bin/../lib/gcc/arm-none-eabi/9.3.1/../../../../arm-none-eabi/lib/thumb/v7-m/nofp\libm.a
END GROUP
START GROUP
LOAD c:/st/stm32cubeide_1.7.0/stm32cubeide/plugins/com.st.stm32cube.ide.mcu.externaltools.gnu-tools-for-stm32.9-2020-q2-update.win32_2.0.0.202105311346/tools/bin/../lib/gcc/arm-none-eabi/9.3.1/thumb/v7-m/nofp\libgcc.a
LOAD c:/st/stm32cubeide_1.7.0/stm32cubeide/plugins/com.st.stm32cube.ide.mcu.externaltools.gnu-tools-for-stm32.9-2020-q2-update.win32_2.0.0.202105311346/tools/bin/../lib/gcc/arm-none-eabi/9.3.1/../../../../arm-none-eabi/lib/thumb/v7-m/nofp\libc_nano.a
END GROUP
START GROUP
LOAD c:/st/stm32cubeide_1.7.0/stm32cubeide/plugins/com.st.stm32cube.ide.mcu.externaltools.gnu-tools-for-stm32.9-2020-q2-update.win32_2.0.0.202105311346/tools/bin/../lib/gcc/arm-none-eabi/9.3.1/thumb/v7-m/nofp\libgcc.a
LOAD c:/st/stm32cubeide_1.7.0/stm32cubeide/plugins/com.st.stm32cube.ide.mcu.externaltools.gnu-tools-for-stm32.9-2020-q2-update.win32_2.0.0.202105311346/tools/bin/../lib/gcc/arm-none-eabi/9.3.1/../../../../arm-none-eabi/lib/thumb/v7-m/nofp\libc_nano.a
LOAD c:/st/stm32cubeide_1.7.0/stm32cubeide/plugins/com.st.stm32cube.ide.mcu.externaltools.gnu-tools-for-stm32.9-2020-q2-update.win32_2.0.0.202105311346/tools/bin/../lib/gcc/arm-none-eabi/9.3.1/../../../../arm-none-eabi/lib/thumb/v7-m/nofp\libnosys.a
END GROUP
START GROUP
LOAD c:/st/stm32cubeide_1.7.0/stm32cubeide/plugins/com.st.stm32cube.ide.mcu.externaltools.gnu-tools-for-stm32.9-2020-q2-update.win32_2.0.0.202105311346/tools/bin/../lib/gcc/arm-none-eabi/9.3.1/thumb/v7-m/nofp\libgcc.a
LOAD c:/st/stm32cubeide_1.7.0/stm32cubeide/plugins/com.st.stm32cube.ide.mcu.externaltools.gnu-tools-for-stm32.9-2020-q2-update.win32_2.0.0.202105311346/tools/bin/../lib/gcc/arm-none-eabi/9.3.1/../../../../arm-none-eabi/lib/thumb/v7-m/nofp\libc_nano.a
LOAD c:/st/stm32cubeide_1.7.0/stm32cubeide/plugins/com.st.stm32cube.ide.mcu.externaltools.gnu-tools-for-stm32.9-2020-q2-update.win32_2.0.0.202105311346/tools/bin/../lib/gcc/arm-none-eabi/9.3.1/../../../../arm-none-eabi/lib/thumb/v7-m/nofp\libnosys.a
END GROUP
LOAD c:/st/stm32cubeide_1.7.0/stm32cubeide/plugins/com.st.stm32cube.ide.mcu.externaltools.gnu-tools-for-stm32.9-2020-q2-update.win32_2.0.0.202105311346/tools/bin/../lib/gcc/arm-none-eabi/9.3.1/thumb/v7-m/nofp/crtend.o
LOAD c:/st/stm32cubeide_1.7.0/stm32cubeide/plugins/com.st.stm32cube.ide.mcu.externaltools.gnu-tools-for-stm32.9-2020-q2-update.win32_2.0.0.202105311346/tools/bin/../lib/gcc/arm-none-eabi/9.3.1/thumb/v7-m/nofp/crtn.o
                0x0000000020002800                _estack = (ORIGIN (RAM) + LENGTH (RAM))
                0x0000000000000200                _Min_Heap_Size = 0x200
                0x0000000000000400                _Min_Stack_Size = 0x400

.isr_vector     0x0000000008000000      0x10c
                0x0000000008000000                . = ALIGN (0x4)
 *(.isr_vector)
 .isr_vector    0x0000000008000000      0x10c ./Core/Startup/startup_stm32f103c6tx.o
                0x0000000008000000                g_pfnVectors
                0x000000000800010c                . = ALIGN (0x4)

.text           0x000000000800010c     0x30f0
                0x000000000800010c                . = ALIGN (0x4)
 *(.text)
 .text          0x000000000800010c       0x40 c:/st/stm32cubeide_1.7.0/stm32cubeide/plugins/com.st.stm32cube.ide.mcu.externaltools.gnu-tools-for-stm32.9-2020-q2-update.win32_2.0.0.202105311346/tools/bin/../lib/gcc/arm-none-eabi/9.3.1/thumb/v7-m/nofp/crtbegin.o
 *(.text*)
 .text.isButton_BUT1_Pressed
                0x000000000800014c       0x24 ./Core/Src/button.o
                0x000000000800014c                isButton_BUT1_Pressed
 .text.isButton_BUT2_Pressed
                0x0000000008000170       0x24 ./Core/Src/button.o
                0x0000000008000170                isButton_BUT2_Pressed
 .text.isButton_BUT3_Pressed
                0x0000000008000194       0x24 ./Core/Src/button.o
                0x0000000008000194                isButton_BUT3_Pressed
 .text.getKeyInput
                0x00000000080001b8      0x284 ./Core/Src/button.o
                0x00000000080001b8                getKeyInput
 .text.display7SEG
                0x000000000800043c      0x290 ./Core/Src/display7SEG.o
                0x000000000800043c                display7SEG
 .text.display7SEG_2
                0x00000000080006cc      0x308 ./Core/Src/display7SEG.o
                0x00000000080006cc                display7SEG_2
 .text.update7SEG
                0x00000000080009d4       0x70 ./Core/Src/display7SEG.o
                0x00000000080009d4                update7SEG
 .text.update7SEG_lane2
                0x0000000008000a44       0x70 ./Core/Src/display7SEG.o
                0x0000000008000a44                update7SEG_lane2
 .text.fsm_auto_run_lane1
                0x0000000008000ab4      0x260 ./Core/Src/fsm_auto.o
                0x0000000008000ab4                fsm_auto_run_lane1
 .text.fsm_auto_run_lane2
                0x0000000008000d14      0x264 ./Core/Src/fsm_auto.o
                0x0000000008000d14                fsm_auto_run_lane2
 .text.fsm_manual_run
                0x0000000008000f78      0x28c ./Core/Src/fsm_manual.o
                0x0000000008000f78                fsm_manual_run
 .text.FSMDisplayLED1
                0x0000000008001204      0x130 ./Core/Src/fsm_setting.o
                0x0000000008001204                FSMDisplayLED1
 .text.FSMDisplayLED2
                0x0000000008001334       0x88 ./Core/Src/fsm_setting.o
                0x0000000008001334                FSMDisplayLED2
 .text.FSM_Display_2LED
                0x00000000080013bc       0x10 ./Core/Src/fsm_setting.o
                0x00000000080013bc                FSM_Display_2LED
 .text.fsm_traffic_lane1_run
                0x00000000080013cc       0xa8 ./Core/Src/fsm_traffic.o
                0x00000000080013cc                fsm_traffic_lane1_run
 .text.fsm_traffic_lane2_run
                0x0000000008001474       0xcc ./Core/Src/fsm_traffic.o
                0x0000000008001474                fsm_traffic_lane2_run
 .text.main     0x0000000008001540       0x54 ./Core/Src/main.o
                0x0000000008001540                main
 .text.SystemClock_Config
                0x0000000008001594       0x76 ./Core/Src/main.o
                0x0000000008001594                SystemClock_Config
 *fill*         0x000000000800160a        0x2 
 .text.MX_TIM2_Init
                0x000000000800160c       0x98 ./Core/Src/main.o
 .text.MX_GPIO_Init
                0x00000000080016a4       0xc8 ./Core/Src/main.o
 .text.HAL_TIM_PeriodElapsedCallback
                0x000000000800176c       0x18 ./Core/Src/main.o
                0x000000000800176c                HAL_TIM_PeriodElapsedCallback
 .text.Error_Handler
                0x0000000008001784        0xa ./Core/Src/main.o
                0x0000000008001784                Error_Handler
 *fill*         0x000000000800178e        0x2 
 .text.setTimer
                0x0000000008001790       0x3c ./Core/Src/software_timer.o
                0x0000000008001790                setTimer
 .text.timer_run
                0x00000000080017cc       0x50 ./Core/Src/software_timer.o
                0x00000000080017cc                timer_run
 .text.timerRun
                0x000000000800181c       0x44 ./Core/Src/software_timer.o
                0x000000000800181c                timerRun
 .text.HAL_MspInit
                0x0000000008001860       0x64 ./Core/Src/stm32f1xx_hal_msp.o
                0x0000000008001860                HAL_MspInit
 .text.HAL_TIM_Base_MspInit
                0x00000000080018c4       0x48 ./Core/Src/stm32f1xx_hal_msp.o
                0x00000000080018c4                HAL_TIM_Base_MspInit
 .text.NMI_Handler
                0x000000000800190c        0x6 ./Core/Src/stm32f1xx_it.o
                0x000000000800190c                NMI_Handler
 .text.HardFault_Handler
                0x0000000008001912        0x6 ./Core/Src/stm32f1xx_it.o
                0x0000000008001912                HardFault_Handler
 .text.MemManage_Handler
                0x0000000008001918        0x6 ./Core/Src/stm32f1xx_it.o
                0x0000000008001918                MemManage_Handler
 .text.BusFault_Handler
                0x000000000800191e        0x6 ./Core/Src/stm32f1xx_it.o
                0x000000000800191e                BusFault_Handler
 .text.UsageFault_Handler
                0x0000000008001924        0x6 ./Core/Src/stm32f1xx_it.o
                0x0000000008001924                UsageFault_Handler
 .text.SVC_Handler
                0x000000000800192a        0xc ./Core/Src/stm32f1xx_it.o
                0x000000000800192a                SVC_Handler
 .text.DebugMon_Handler
                0x0000000008001936        0xc ./Core/Src/stm32f1xx_it.o
                0x0000000008001936                DebugMon_Handler
 .text.PendSV_Handler
                0x0000000008001942        0xc ./Core/Src/stm32f1xx_it.o
                0x0000000008001942                PendSV_Handler
 .text.SysTick_Handler
                0x000000000800194e        0xc ./Core/Src/stm32f1xx_it.o
                0x000000000800194e                SysTick_Handler
 *fill*         0x000000000800195a        0x2 
 .text.TIM2_IRQHandler
                0x000000000800195c       0x14 ./Core/Src/stm32f1xx_it.o
                0x000000000800195c                TIM2_IRQHandler
 .text.SystemInit
                0x0000000008001970        0xc ./Core/Src/system_stm32f1xx.o
                0x0000000008001970                SystemInit
 .text.red_1    0x000000000800197c       0x2c ./Core/Src/traffic_2_lane.o
                0x000000000800197c                red_1
 .text.green_1  0x00000000080019a8       0x2c ./Core/Src/traffic_2_lane.o
                0x00000000080019a8                green_1
 .text.yellow_1
                0x00000000080019d4       0x2c ./Core/Src/traffic_2_lane.o
                0x00000000080019d4                yellow_1
 .text.red_2    0x0000000008001a00       0x2c ./Core/Src/traffic_2_lane.o
                0x0000000008001a00                red_2
 .text.green_2  0x0000000008001a2c       0x2c ./Core/Src/traffic_2_lane.o
                0x0000000008001a2c                green_2
 .text.yellow_2
                0x0000000008001a58       0x2c ./Core/Src/traffic_2_lane.o
                0x0000000008001a58                yellow_2
 .text.off_redgreen_lane1
                0x0000000008001a84       0x20 ./Core/Src/traffic_2_lane.o
                0x0000000008001a84                off_redgreen_lane1
 .text.off_redyellow_lane1
                0x0000000008001aa4       0x20 ./Core/Src/traffic_2_lane.o
                0x0000000008001aa4                off_redyellow_lane1
 .text.off_greenyellow_lane1
                0x0000000008001ac4       0x20 ./Core/Src/traffic_2_lane.o
                0x0000000008001ac4                off_greenyellow_lane1
 .text.off_redgreen_lane2
                0x0000000008001ae4       0x20 ./Core/Src/traffic_2_lane.o
                0x0000000008001ae4                off_redgreen_lane2
 .text.off_redyellow_lane2
                0x0000000008001b04       0x20 ./Core/Src/traffic_2_lane.o
                0x0000000008001b04                off_redyellow_lane2
 .text.off_greenyellow_lane2
                0x0000000008001b24       0x20 ./Core/Src/traffic_2_lane.o
                0x0000000008001b24                off_greenyellow_lane2
 .text.Reset_Handler
                0x0000000008001b44       0x48 ./Core/Startup/startup_stm32f103c6tx.o
                0x0000000008001b44                Reset_Handler
 .text.Default_Handler
                0x0000000008001b8c        0x2 ./Core/Startup/startup_stm32f103c6tx.o
                0x0000000008001b8c                RTC_Alarm_IRQHandler
                0x0000000008001b8c                EXTI2_IRQHandler
                0x0000000008001b8c                TIM1_CC_IRQHandler
                0x0000000008001b8c                PVD_IRQHandler
                0x0000000008001b8c                EXTI3_IRQHandler
                0x0000000008001b8c                EXTI0_IRQHandler
                0x0000000008001b8c                ADC1_2_IRQHandler
                0x0000000008001b8c                SPI1_IRQHandler
                0x0000000008001b8c                TAMPER_IRQHandler
                0x0000000008001b8c                DMA1_Channel4_IRQHandler
                0x0000000008001b8c                RTC_IRQHandler
                0x0000000008001b8c                DMA1_Channel7_IRQHandler
                0x0000000008001b8c                CAN1_RX1_IRQHandler
                0x0000000008001b8c                I2C1_EV_IRQHandler
                0x0000000008001b8c                DMA1_Channel6_IRQHandler
                0x0000000008001b8c                TIM3_IRQHandler
                0x0000000008001b8c                RCC_IRQHandler
                0x0000000008001b8c                TIM1_TRG_COM_IRQHandler
                0x0000000008001b8c                DMA1_Channel1_IRQHandler
                0x0000000008001b8c                Default_Handler
                0x0000000008001b8c                EXTI15_10_IRQHandler
                0x0000000008001b8c                EXTI9_5_IRQHandler
                0x0000000008001b8c                DMA1_Channel5_IRQHandler
                0x0000000008001b8c                EXTI4_IRQHandler
                0x0000000008001b8c                USB_LP_CAN1_RX0_IRQHandler
                0x0000000008001b8c                USB_HP_CAN1_TX_IRQHandler
                0x0000000008001b8c                DMA1_Channel3_IRQHandler
                0x0000000008001b8c                TIM1_UP_IRQHandler
                0x0000000008001b8c                WWDG_IRQHandler
                0x0000000008001b8c                TIM1_BRK_IRQHandler
                0x0000000008001b8c                EXTI1_IRQHandler
                0x0000000008001b8c                USART2_IRQHandler
                0x0000000008001b8c                DMA1_Channel2_IRQHandler
                0x0000000008001b8c                CAN1_SCE_IRQHandler
                0x0000000008001b8c                FLASH_IRQHandler
                0x0000000008001b8c                USART1_IRQHandler
                0x0000000008001b8c                I2C1_ER_IRQHandler
                0x0000000008001b8c                USBWakeUp_IRQHandler
 *fill*         0x0000000008001b8e        0x2 
 .text.HAL_Init
                0x0000000008001b90       0x2c ./Drivers/STM32F1xx_HAL_Driver/Src/stm32f1xx_hal.o
                0x0000000008001b90                HAL_Init
 .text.HAL_InitTick
                0x0000000008001bbc       0x60 ./Drivers/STM32F1xx_HAL_Driver/Src/stm32f1xx_hal.o
                0x0000000008001bbc                HAL_InitTick
 .text.HAL_IncTick
                0x0000000008001c1c       0x24 ./Drivers/STM32F1xx_HAL_Driver/Src/stm32f1xx_hal.o
                0x0000000008001c1c                HAL_IncTick
 .text.HAL_GetTick
                0x0000000008001c40       0x14 ./Drivers/STM32F1xx_HAL_Driver/Src/stm32f1xx_hal.o
                0x0000000008001c40                HAL_GetTick
 .text.__NVIC_SetPriorityGrouping
                0x0000000008001c54       0x48 ./Drivers/STM32F1xx_HAL_Driver/Src/stm32f1xx_hal_cortex.o
 .text.__NVIC_GetPriorityGrouping
                0x0000000008001c9c       0x1c ./Drivers/STM32F1xx_HAL_Driver/Src/stm32f1xx_hal_cortex.o
 .text.__NVIC_EnableIRQ
                0x0000000008001cb8       0x38 ./Drivers/STM32F1xx_HAL_Driver/Src/stm32f1xx_hal_cortex.o
 .text.__NVIC_SetPriority
                0x0000000008001cf0       0x54 ./Drivers/STM32F1xx_HAL_Driver/Src/stm32f1xx_hal_cortex.o
 .text.NVIC_EncodePriority
                0x0000000008001d44       0x64 ./Drivers/STM32F1xx_HAL_Driver/Src/stm32f1xx_hal_cortex.o
 .text.SysTick_Config
                0x0000000008001da8       0x44 ./Drivers/STM32F1xx_HAL_Driver/Src/stm32f1xx_hal_cortex.o
 .text.HAL_NVIC_SetPriorityGrouping
                0x0000000008001dec       0x16 ./Drivers/STM32F1xx_HAL_Driver/Src/stm32f1xx_hal_cortex.o
                0x0000000008001dec                HAL_NVIC_SetPriorityGrouping
 .text.HAL_NVIC_SetPriority
                0x0000000008001e02       0x38 ./Drivers/STM32F1xx_HAL_Driver/Src/stm32f1xx_hal_cortex.o
                0x0000000008001e02                HAL_NVIC_SetPriority
 .text.HAL_NVIC_EnableIRQ
                0x0000000008001e3a       0x1c ./Drivers/STM32F1xx_HAL_Driver/Src/stm32f1xx_hal_cortex.o
                0x0000000008001e3a                HAL_NVIC_EnableIRQ
 .text.HAL_SYSTICK_Config
                0x0000000008001e56       0x18 ./Drivers/STM32F1xx_HAL_Driver/Src/stm32f1xx_hal_cortex.o
                0x0000000008001e56                HAL_SYSTICK_Config
 *fill*         0x0000000008001e6e        0x2 
 .text.HAL_GPIO_Init
                0x0000000008001e70      0x2f4 ./Drivers/STM32F1xx_HAL_Driver/Src/stm32f1xx_hal_gpio.o
                0x0000000008001e70                HAL_GPIO_Init
 .text.HAL_GPIO_ReadPin
                0x0000000008002164       0x2e ./Drivers/STM32F1xx_HAL_Driver/Src/stm32f1xx_hal_gpio.o
                0x0000000008002164                HAL_GPIO_ReadPin
 .text.HAL_GPIO_WritePin
                0x0000000008002192       0x30 ./Drivers/STM32F1xx_HAL_Driver/Src/stm32f1xx_hal_gpio.o
                0x0000000008002192                HAL_GPIO_WritePin
 .text.HAL_GPIO_TogglePin
                0x00000000080021c2       0x32 ./Drivers/STM32F1xx_HAL_Driver/Src/stm32f1xx_hal_gpio.o
                0x00000000080021c2                HAL_GPIO_TogglePin
 .text.HAL_RCC_OscConfig
                0x00000000080021f4      0x500 ./Drivers/STM32F1xx_HAL_Driver/Src/stm32f1xx_hal_rcc.o
                0x00000000080021f4                HAL_RCC_OscConfig
 .text.HAL_RCC_ClockConfig
                0x00000000080026f4      0x1d4 ./Drivers/STM32F1xx_HAL_Driver/Src/stm32f1xx_hal_rcc.o
                0x00000000080026f4                HAL_RCC_ClockConfig
 .text.HAL_RCC_GetSysClockFreq
                0x00000000080028c8       0xc0 ./Drivers/STM32F1xx_HAL_Driver/Src/stm32f1xx_hal_rcc.o
                0x00000000080028c8                HAL_RCC_GetSysClockFreq
 .text.RCC_Delay
                0x0000000008002988       0x3c ./Drivers/STM32F1xx_HAL_Driver/Src/stm32f1xx_hal_rcc.o
 .text.HAL_TIM_Base_Init
                0x00000000080029c4       0x9e ./Drivers/STM32F1xx_HAL_Driver/Src/stm32f1xx_hal_tim.o
                0x00000000080029c4                HAL_TIM_Base_Init
 *fill*         0x0000000008002a62        0x2 
 .text.HAL_TIM_Base_Start_IT
                0x0000000008002a64       0x98 ./Drivers/STM32F1xx_HAL_Driver/Src/stm32f1xx_hal_tim.o
                0x0000000008002a64                HAL_TIM_Base_Start_IT
 .text.HAL_TIM_IRQHandler
                0x0000000008002afc      0x210 ./Drivers/STM32F1xx_HAL_Driver/Src/stm32f1xx_hal_tim.o
                0x0000000008002afc                HAL_TIM_IRQHandler
 .text.HAL_TIM_ConfigClockSource
                0x0000000008002d0c      0x188 ./Drivers/STM32F1xx_HAL_Driver/Src/stm32f1xx_hal_tim.o
                0x0000000008002d0c                HAL_TIM_ConfigClockSource
 .text.HAL_TIM_OC_DelayElapsedCallback
                0x0000000008002e94       0x12 ./Drivers/STM32F1xx_HAL_Driver/Src/stm32f1xx_hal_tim.o
                0x0000000008002e94                HAL_TIM_OC_DelayElapsedCallback
 .text.HAL_TIM_IC_CaptureCallback
                0x0000000008002ea6       0x12 ./Drivers/STM32F1xx_HAL_Driver/Src/stm32f1xx_hal_tim.o
                0x0000000008002ea6                HAL_TIM_IC_CaptureCallback
 .text.HAL_TIM_PWM_PulseFinishedCallback
                0x0000000008002eb8       0x12 ./Drivers/STM32F1xx_HAL_Driver/Src/stm32f1xx_hal_tim.o
                0x0000000008002eb8                HAL_TIM_PWM_PulseFinishedCallback
 .text.HAL_TIM_TriggerCallback
                0x0000000008002eca       0x12 ./Drivers/STM32F1xx_HAL_Driver/Src/stm32f1xx_hal_tim.o
                0x0000000008002eca                HAL_TIM_TriggerCallback
 .text.TIM_Base_SetConfig
                0x0000000008002edc       0xb0 ./Drivers/STM32F1xx_HAL_Driver/Src/stm32f1xx_hal_tim.o
                0x0000000008002edc                TIM_Base_SetConfig
 .text.TIM_TI1_ConfigInputStage
                0x0000000008002f8c       0x5c ./Drivers/STM32F1xx_HAL_Driver/Src/stm32f1xx_hal_tim.o
 .text.TIM_TI2_ConfigInputStage
                0x0000000008002fe8       0x5e ./Drivers/STM32F1xx_HAL_Driver/Src/stm32f1xx_hal_tim.o
 .text.TIM_ITRx_SetConfig
                0x0000000008003046       0x34 ./Drivers/STM32F1xx_HAL_Driver/Src/stm32f1xx_hal_tim.o
 .text.TIM_ETR_SetConfig
                0x000000000800307a       0x3e ./Drivers/STM32F1xx_HAL_Driver/Src/stm32f1xx_hal_tim.o
                0x000000000800307a                TIM_ETR_SetConfig
 .text.HAL_TIMEx_MasterConfigSynchronization
                0x00000000080030b8       0xb0 ./Drivers/STM32F1xx_HAL_Driver/Src/stm32f1xx_hal_tim_ex.o
                0x00000000080030b8                HAL_TIMEx_MasterConfigSynchronization
 .text.HAL_TIMEx_CommutCallback
                0x0000000008003168       0x12 ./Drivers/STM32F1xx_HAL_Driver/Src/stm32f1xx_hal_tim_ex.o
                0x0000000008003168                HAL_TIMEx_CommutCallback
 .text.HAL_TIMEx_BreakCallback
                0x000000000800317a       0x12 ./Drivers/STM32F1xx_HAL_Driver/Src/stm32f1xx_hal_tim_ex.o
                0x000000000800317a                HAL_TIMEx_BreakCallback
 .text.__libc_init_array
                0x000000000800318c       0x48 c:/st/stm32cubeide_1.7.0/stm32cubeide/plugins/com.st.stm32cube.ide.mcu.externaltools.gnu-tools-for-stm32.9-2020-q2-update.win32_2.0.0.202105311346/tools/bin/../lib/gcc/arm-none-eabi/9.3.1/../../../../arm-none-eabi/lib/thumb/v7-m/nofp\libc_nano.a(lib_a-init.o)
                0x000000000800318c                __libc_init_array
 .text.memset   0x00000000080031d4       0x10 c:/st/stm32cubeide_1.7.0/stm32cubeide/plugins/com.st.stm32cube.ide.mcu.externaltools.gnu-tools-for-stm32.9-2020-q2-update.win32_2.0.0.202105311346/tools/bin/../lib/gcc/arm-none-eabi/9.3.1/../../../../arm-none-eabi/lib/thumb/v7-m/nofp\libc_nano.a(lib_a-memset.o)
                0x00000000080031d4                memset
 *(.glue_7)
 .glue_7        0x00000000080031e4        0x0 linker stubs
 *(.glue_7t)
 .glue_7t       0x00000000080031e4        0x0 linker stubs
 *(.eh_frame)
 .eh_frame      0x00000000080031e4        0x0 c:/st/stm32cubeide_1.7.0/stm32cubeide/plugins/com.st.stm32cube.ide.mcu.externaltools.gnu-tools-for-stm32.9-2020-q2-update.win32_2.0.0.202105311346/tools/bin/../lib/gcc/arm-none-eabi/9.3.1/thumb/v7-m/nofp/crtbegin.o
 *(.init)
 .init          0x00000000080031e4        0x4 c:/st/stm32cubeide_1.7.0/stm32cubeide/plugins/com.st.stm32cube.ide.mcu.externaltools.gnu-tools-for-stm32.9-2020-q2-update.win32_2.0.0.202105311346/tools/bin/../lib/gcc/arm-none-eabi/9.3.1/thumb/v7-m/nofp/crti.o
                0x00000000080031e4                _init
 .init          0x00000000080031e8        0x8 c:/st/stm32cubeide_1.7.0/stm32cubeide/plugins/com.st.stm32cube.ide.mcu.externaltools.gnu-tools-for-stm32.9-2020-q2-update.win32_2.0.0.202105311346/tools/bin/../lib/gcc/arm-none-eabi/9.3.1/thumb/v7-m/nofp/crtn.o
 *(.fini)
 .fini          0x00000000080031f0        0x4 c:/st/stm32cubeide_1.7.0/stm32cubeide/plugins/com.st.stm32cube.ide.mcu.externaltools.gnu-tools-for-stm32.9-2020-q2-update.win32_2.0.0.202105311346/tools/bin/../lib/gcc/arm-none-eabi/9.3.1/thumb/v7-m/nofp/crti.o
                0x00000000080031f0                _fini
 .fini          0x00000000080031f4        0x8 c:/st/stm32cubeide_1.7.0/stm32cubeide/plugins/com.st.stm32cube.ide.mcu.externaltools.gnu-tools-for-stm32.9-2020-q2-update.win32_2.0.0.202105311346/tools/bin/../lib/gcc/arm-none-eabi/9.3.1/thumb/v7-m/nofp/crtn.o
                0x00000000080031fc                . = ALIGN (0x4)
                0x00000000080031fc                _etext = .

.vfp11_veneer   0x00000000080031fc        0x0
 .vfp11_veneer  0x00000000080031fc        0x0 linker stubs

.v4_bx          0x00000000080031fc        0x0
 .v4_bx         0x00000000080031fc        0x0 linker stubs

.iplt           0x00000000080031fc        0x0
 .iplt          0x00000000080031fc        0x0 c:/st/stm32cubeide_1.7.0/stm32cubeide/plugins/com.st.stm32cube.ide.mcu.externaltools.gnu-tools-for-stm32.9-2020-q2-update.win32_2.0.0.202105311346/tools/bin/../lib/gcc/arm-none-eabi/9.3.1/thumb/v7-m/nofp/crtbegin.o

.rodata         0x00000000080031fc       0x20
                0x00000000080031fc                . = ALIGN (0x4)
 *(.rodata)
 .rodata        0x00000000080031fc       0x10 ./Drivers/STM32F1xx_HAL_Driver/Src/stm32f1xx_hal_rcc.o
 *(.rodata*)
 .rodata.AHBPrescTable
                0x000000000800320c       0x10 ./Core/Src/system_stm32f1xx.o
                0x000000000800320c                AHBPrescTable
                0x000000000800321c                . = ALIGN (0x4)

.rel.dyn        0x000000000800321c        0x0
 .rel.iplt      0x000000000800321c        0x0 c:/st/stm32cubeide_1.7.0/stm32cubeide/plugins/com.st.stm32cube.ide.mcu.externaltools.gnu-tools-for-stm32.9-2020-q2-update.win32_2.0.0.202105311346/tools/bin/../lib/gcc/arm-none-eabi/9.3.1/thumb/v7-m/nofp/crtbegin.o

.ARM.extab      0x000000000800321c        0x0
                0x000000000800321c                . = ALIGN (0x4)
 *(.ARM.extab* .gnu.linkonce.armextab.*)
                0x000000000800321c                . = ALIGN (0x4)

.ARM            0x000000000800321c        0x0
                0x000000000800321c                . = ALIGN (0x4)
                0x000000000800321c                __exidx_start = .
 *(.ARM.exidx*)
                0x000000000800321c                __exidx_end = .
                0x000000000800321c                . = ALIGN (0x4)

.preinit_array  0x000000000800321c        0x0
                0x000000000800321c                . = ALIGN (0x4)
                0x000000000800321c                PROVIDE (__preinit_array_start = .)
 *(.preinit_array*)
                0x000000000800321c                PROVIDE (__preinit_array_end = .)
                0x000000000800321c                . = ALIGN (0x4)

.init_array     0x000000000800321c        0x4
                0x000000000800321c                . = ALIGN (0x4)
                0x000000000800321c                PROVIDE (__init_array_start = .)
 *(SORT_BY_NAME(.init_array.*))
 *(.init_array*)
 .init_array    0x000000000800321c        0x4 c:/st/stm32cubeide_1.7.0/stm32cubeide/plugins/com.st.stm32cube.ide.mcu.externaltools.gnu-tools-for-stm32.9-2020-q2-update.win32_2.0.0.202105311346/tools/bin/../lib/gcc/arm-none-eabi/9.3.1/thumb/v7-m/nofp/crtbegin.o
                0x0000000008003220                PROVIDE (__init_array_end = .)
                0x0000000008003220                . = ALIGN (0x4)

.fini_array     0x0000000008003220        0x4
                0x0000000008003220                . = ALIGN (0x4)
                [!provide]                        PROVIDE (__fini_array_start = .)
 *(SORT_BY_NAME(.fini_array.*))
 *(.fini_array*)
 .fini_array    0x0000000008003220        0x4 c:/st/stm32cubeide_1.7.0/stm32cubeide/plugins/com.st.stm32cube.ide.mcu.externaltools.gnu-tools-for-stm32.9-2020-q2-update.win32_2.0.0.202105311346/tools/bin/../lib/gcc/arm-none-eabi/9.3.1/thumb/v7-m/nofp/crtbegin.o
                [!provide]                        PROVIDE (__fini_array_end = .)
                0x0000000008003224                . = ALIGN (0x4)
                0x0000000008003224                _sidata = LOADADDR (.data)

.data           0x0000000020000000       0x8c load address 0x0000000008003224
                0x0000000020000000                . = ALIGN (0x4)
                0x0000000020000000                _sdata = .
 *(.data)
 *(.data*)
 .data.keyReg0  0x0000000020000000        0xc ./Core/Src/button.o
                0x0000000020000000                keyReg0
 .data.keyReg1  0x000000002000000c        0xc ./Core/Src/button.o
                0x000000002000000c                keyReg1
 .data.keyReg2  0x0000000020000018        0xc ./Core/Src/button.o
                0x0000000020000018                keyReg2
 .data.keyReg3  0x0000000020000024        0xc ./Core/Src/button.o
                0x0000000020000024                keyReg3
 .data.timerForKeyPress
                0x0000000020000030        0x4 ./Core/Src/button.o
                0x0000000020000030                timerForKeyPress
 .data.status_lane1
                0x0000000020000034        0x4 ./Core/Src/fsm_auto.o
                0x0000000020000034                status_lane1
 .data.status_lane2
                0x0000000020000038        0x4 ./Core/Src/fsm_auto.o
                0x0000000020000038                status_lane2
 .data.StatusLED1
                0x000000002000003c        0x4 ./Core/Src/fsm_setting.o
                0x000000002000003c                StatusLED1
 .data.StatusLED2
                0x0000000020000040        0x4 ./Core/Src/fsm_setting.o
                0x0000000020000040                StatusLED2
 .data.status_traffic_lane1
                0x0000000020000044        0x4 ./Core/Src/fsm_traffic.o
                0x0000000020000044                status_traffic_lane1
 .data.status_traffic_lane2
                0x0000000020000048        0x4 ./Core/Src/fsm_traffic.o
                0x0000000020000048                status_traffic_lane2
 .data.red1TimeMAX
                0x000000002000004c        0x4 ./Core/Src/global.o
                0x000000002000004c                red1TimeMAX
 .data.green1TimeMAX
                0x0000000020000050        0x4 ./Core/Src/global.o
                0x0000000020000050                green1TimeMAX
 .data.yellow1TimeMAX
                0x0000000020000054        0x4 ./Core/Src/global.o
                0x0000000020000054                yellow1TimeMAX
 .data.red2TimeMAX
                0x0000000020000058        0x4 ./Core/Src/global.o
                0x0000000020000058                red2TimeMAX
 .data.green2TimeMAX
                0x000000002000005c        0x4 ./Core/Src/global.o
                0x000000002000005c                green2TimeMAX
 .data.yellow2TimeMAX
                0x0000000020000060        0x4 ./Core/Src/global.o
                0x0000000020000060                yellow2TimeMAX
 .data.red1_time
                0x0000000020000064        0x4 ./Core/Src/global.o
                0x0000000020000064                red1_time
 .data.green1_time
                0x0000000020000068        0x4 ./Core/Src/global.o
                0x0000000020000068                green1_time
 .data.yellow1_time
                0x000000002000006c        0x4 ./Core/Src/global.o
                0x000000002000006c                yellow1_time
 .data.red2_time
                0x0000000020000070        0x4 ./Core/Src/global.o
                0x0000000020000070                red2_time
 .data.green2_time
                0x0000000020000074        0x4 ./Core/Src/global.o
                0x0000000020000074                green2_time
 .data.yellow2_time
                0x0000000020000078        0x4 ./Core/Src/global.o
                0x0000000020000078                yellow2_time
 .data.TICK     0x000000002000007c        0x4 ./Core/Src/software_timer.o
                0x000000002000007c                TICK
 .data.SystemCoreClock
                0x0000000020000080        0x4 ./Core/Src/system_stm32f1xx.o
                0x0000000020000080                SystemCoreClock
 .data.uwTickPrio
                0x0000000020000084        0x4 ./Drivers/STM32F1xx_HAL_Driver/Src/stm32f1xx_hal.o
                0x0000000020000084                uwTickPrio
 .data.uwTickFreq
                0x0000000020000088        0x1 ./Drivers/STM32F1xx_HAL_Driver/Src/stm32f1xx_hal.o
                0x0000000020000088                uwTickFreq
 *(.RamFunc)
 *(.RamFunc*)
                0x000000002000008c                . = ALIGN (0x4)
 *fill*         0x0000000020000089        0x3 
                0x000000002000008c                _edata = .

.igot.plt       0x000000002000008c        0x0 load address 0x00000000080032b0
 .igot.plt      0x000000002000008c        0x0 c:/st/stm32cubeide_1.7.0/stm32cubeide/plugins/com.st.stm32cube.ide.mcu.externaltools.gnu-tools-for-stm32.9-2020-q2-update.win32_2.0.0.202105311346/tools/bin/../lib/gcc/arm-none-eabi/9.3.1/thumb/v7-m/nofp/crtbegin.o
                0x000000002000008c                . = ALIGN (0x4)

.bss            0x000000002000008c      0x104 load address 0x00000000080032b0
                0x000000002000008c                _sbss = .
                0x000000002000008c                __bss_start__ = _sbss
 *(.bss)
 .bss           0x000000002000008c       0x1c c:/st/stm32cubeide_1.7.0/stm32cubeide/plugins/com.st.stm32cube.ide.mcu.externaltools.gnu-tools-for-stm32.9-2020-q2-update.win32_2.0.0.202105311346/tools/bin/../lib/gcc/arm-none-eabi/9.3.1/thumb/v7-m/nofp/crtbegin.o
 *(.bss*)
 .bss.button_BUT1_flag
                0x00000000200000a8        0x4 ./Core/Src/button.o
                0x00000000200000a8                button_BUT1_flag
 .bss.button_BUT2_flag
                0x00000000200000ac        0x4 ./Core/Src/button.o
                0x00000000200000ac                button_BUT2_flag
 .bss.button_BUT3_flag
                0x00000000200000b0        0x4 ./Core/Src/button.o
                0x00000000200000b0                button_BUT3_flag
 .bss.button_BUT1_LongPressed_flag
                0x00000000200000b4        0x4 ./Core/Src/button.o
                0x00000000200000b4                button_BUT1_LongPressed_flag
 .bss.button_BUT2_LongPressed_flag
                0x00000000200000b8        0x4 ./Core/Src/button.o
                0x00000000200000b8                button_BUT2_LongPressed_flag
 .bss.button_BUT3_LongPressed_flag
                0x00000000200000bc        0x4 ./Core/Src/button.o
                0x00000000200000bc                button_BUT3_LongPressed_flag
 .bss.indexLEDmot
                0x00000000200000c0        0x4 ./Core/Src/global.o
                0x00000000200000c0                indexLEDmot
 .bss.indexLEDhai
                0x00000000200000c4        0x4 ./Core/Src/global.o
                0x00000000200000c4                indexLEDhai
 .bss.led_buffer_lane1
                0x00000000200000c8        0x8 ./Core/Src/global.o
                0x00000000200000c8                led_buffer_lane1
 .bss.led_buffer_lane2
                0x00000000200000d0        0x8 ./Core/Src/global.o
                0x00000000200000d0                led_buffer_lane2
 .bss.value1_buffer
                0x00000000200000d8        0xc ./Core/Src/global.o
                0x00000000200000d8                value1_buffer
 .bss.value2_buffer
                0x00000000200000e4        0xc ./Core/Src/global.o
                0x00000000200000e4                value2_buffer
 .bss.STATUS_MODE
                0x00000000200000f0        0x4 ./Core/Src/global.o
                0x00000000200000f0                STATUS_MODE
 .bss.timer_counter
                0x00000000200000f4       0x28 ./Core/Src/software_timer.o
                0x00000000200000f4                timer_counter
 .bss.timer_flag
                0x000000002000011c       0x28 ./Core/Src/software_timer.o
                0x000000002000011c                timer_flag
 *(COMMON)
 COMMON         0x0000000020000144       0x48 ./Core/Src/main.o
                0x0000000020000144                htim2
 COMMON         0x000000002000018c        0x4 ./Drivers/STM32F1xx_HAL_Driver/Src/stm32f1xx_hal.o
                0x000000002000018c                uwTick
                0x0000000020000190                . = ALIGN (0x4)
                0x0000000020000190                _ebss = .
                0x0000000020000190                __bss_end__ = _ebss

._user_heap_stack
                0x0000000020000190      0x600 load address 0x00000000080032b0
                0x0000000020000190                . = ALIGN (0x8)
                [!provide]                        PROVIDE (end = .)
                0x0000000020000190                PROVIDE (_end = .)
                0x0000000020000390                . = (. + _Min_Heap_Size)
 *fill*         0x0000000020000190      0x200 
                0x0000000020000790                . = (. + _Min_Stack_Size)
 *fill*         0x0000000020000390      0x400 
                0x0000000020000790                . = ALIGN (0x8)

/DISCARD/
 libc.a(*)
 libm.a(*)
 libgcc.a(*)

.ARM.attributes
                0x0000000000000000       0x29
 *(.ARM.attributes)
 .ARM.attributes
                0x0000000000000000       0x1d c:/st/stm32cubeide_1.7.0/stm32cubeide/plugins/com.st.stm32cube.ide.mcu.externaltools.gnu-tools-for-stm32.9-2020-q2-update.win32_2.0.0.202105311346/tools/bin/../lib/gcc/arm-none-eabi/9.3.1/thumb/v7-m/nofp/crti.o
 .ARM.attributes
                0x000000000000001d       0x2d c:/st/stm32cubeide_1.7.0/stm32cubeide/plugins/com.st.stm32cube.ide.mcu.externaltools.gnu-tools-for-stm32.9-2020-q2-update.win32_2.0.0.202105311346/tools/bin/../lib/gcc/arm-none-eabi/9.3.1/thumb/v7-m/nofp/crtbegin.o
 .ARM.attributes
                0x000000000000004a       0x2d ./Core/Src/button.o
 .ARM.attributes
                0x0000000000000077       0x2d ./Core/Src/display7SEG.o
 .ARM.attributes
                0x00000000000000a4       0x2d ./Core/Src/fsm_auto.o
 .ARM.attributes
                0x00000000000000d1       0x2d ./Core/Src/fsm_manual.o
 .ARM.attributes
                0x00000000000000fe       0x2d ./Core/Src/fsm_setting.o
 .ARM.attributes
                0x000000000000012b       0x2d ./Core/Src/fsm_traffic.o
 .ARM.attributes
                0x0000000000000158       0x33 ./Core/Src/global.o
 .ARM.attributes
                0x000000000000018b       0x2d ./Core/Src/main.o
 .ARM.attributes
                0x00000000000001b8       0x2d ./Core/Src/software_timer.o
 .ARM.attributes
                0x00000000000001e5       0x2d ./Core/Src/stm32f1xx_hal_msp.o
 .ARM.attributes
                0x0000000000000212       0x2d ./Core/Src/stm32f1xx_it.o
 .ARM.attributes
                0x000000000000023f       0x2d ./Core/Src/system_stm32f1xx.o
 .ARM.attributes
                0x000000000000026c       0x2d ./Core/Src/traffic_2_lane.o
 .ARM.attributes
                0x0000000000000299       0x21 ./Core/Startup/startup_stm32f103c6tx.o
 .ARM.attributes
                0x00000000000002ba       0x2d ./Drivers/STM32F1xx_HAL_Driver/Src/stm32f1xx_hal.o
 .ARM.attributes
                0x00000000000002e7       0x2d ./Drivers/STM32F1xx_HAL_Driver/Src/stm32f1xx_hal_cortex.o
 .ARM.attributes
                0x0000000000000314       0x2d ./Drivers/STM32F1xx_HAL_Driver/Src/stm32f1xx_hal_gpio.o
 .ARM.attributes
                0x0000000000000341       0x2d ./Drivers/STM32F1xx_HAL_Driver/Src/stm32f1xx_hal_rcc.o
 .ARM.attributes
                0x000000000000036e       0x2d ./Drivers/STM32F1xx_HAL_Driver/Src/stm32f1xx_hal_tim.o
 .ARM.attributes
                0x000000000000039b       0x2d ./Drivers/STM32F1xx_HAL_Driver/Src/stm32f1xx_hal_tim_ex.o
 .ARM.attributes
                0x00000000000003c8       0x2d c:/st/stm32cubeide_1.7.0/stm32cubeide/plugins/com.st.stm32cube.ide.mcu.externaltools.gnu-tools-for-stm32.9-2020-q2-update.win32_2.0.0.202105311346/tools/bin/../lib/gcc/arm-none-eabi/9.3.1/../../../../arm-none-eabi/lib/thumb/v7-m/nofp\libc_nano.a(lib_a-init.o)
 .ARM.attributes
                0x00000000000003f5       0x2d c:/st/stm32cubeide_1.7.0/stm32cubeide/plugins/com.st.stm32cube.ide.mcu.externaltools.gnu-tools-for-stm32.9-2020-q2-update.win32_2.0.0.202105311346/tools/bin/../lib/gcc/arm-none-eabi/9.3.1/../../../../arm-none-eabi/lib/thumb/v7-m/nofp\libc_nano.a(lib_a-memset.o)
 .ARM.attributes
                0x0000000000000422       0x1d c:/st/stm32cubeide_1.7.0/stm32cubeide/plugins/com.st.stm32cube.ide.mcu.externaltools.gnu-tools-for-stm32.9-2020-q2-update.win32_2.0.0.202105311346/tools/bin/../lib/gcc/arm-none-eabi/9.3.1/thumb/v7-m/nofp/crtn.o
OUTPUT(STM32LAB3.elf elf32-littlearm)
LOAD linker stubs
LOAD c:/st/stm32cubeide_1.7.0/stm32cubeide/plugins/com.st.stm32cube.ide.mcu.externaltools.gnu-tools-for-stm32.9-2020-q2-update.win32_2.0.0.202105311346/tools/bin/../lib/gcc/arm-none-eabi/9.3.1/../../../../arm-none-eabi/lib/thumb/v7-m/nofp\libc.a
LOAD c:/st/stm32cubeide_1.7.0/stm32cubeide/plugins/com.st.stm32cube.ide.mcu.externaltools.gnu-tools-for-stm32.9-2020-q2-update.win32_2.0.0.202105311346/tools/bin/../lib/gcc/arm-none-eabi/9.3.1/../../../../arm-none-eabi/lib/thumb/v7-m/nofp\libm.a
LOAD c:/st/stm32cubeide_1.7.0/stm32cubeide/plugins/com.st.stm32cube.ide.mcu.externaltools.gnu-tools-for-stm32.9-2020-q2-update.win32_2.0.0.202105311346/tools/bin/../lib/gcc/arm-none-eabi/9.3.1/thumb/v7-m/nofp\libgcc.a

.debug_info     0x0000000000000000     0xa1d7
 .debug_info    0x0000000000000000      0x4c1 ./Core/Src/button.o
 .debug_info    0x00000000000004c1      0x3dd ./Core/Src/display7SEG.o
 .debug_info    0x000000000000089e      0x304 ./Core/Src/fsm_auto.o
 .debug_info    0x0000000000000ba2      0x306 ./Core/Src/fsm_manual.o
 .debug_info    0x0000000000000ea8      0x32e ./Core/Src/fsm_setting.o
 .debug_info    0x00000000000011d6      0x3ae ./Core/Src/fsm_traffic.o
 .debug_info    0x0000000000001584      0x39e ./Core/Src/global.o
 .debug_info    0x0000000000001922      0xd06 ./Core/Src/main.o
 .debug_info    0x0000000000002628      0x23b ./Core/Src/software_timer.o
 .debug_info    0x0000000000002863      0xa04 ./Core/Src/stm32f1xx_hal_msp.o
 .debug_info    0x0000000000003267      0x7b4 ./Core/Src/stm32f1xx_it.o
 .debug_info    0x0000000000003a1b      0x2be ./Core/Src/system_stm32f1xx.o
 .debug_info    0x0000000000003cd9      0x329 ./Core/Src/traffic_2_lane.o
 .debug_info    0x0000000000004002       0x22 ./Core/Startup/startup_stm32f103c6tx.o
 .debug_info    0x0000000000004024      0x74c ./Drivers/STM32F1xx_HAL_Driver/Src/stm32f1xx_hal.o
 .debug_info    0x0000000000004770      0xbbe ./Drivers/STM32F1xx_HAL_Driver/Src/stm32f1xx_hal_cortex.o
 .debug_info    0x000000000000532e      0x701 ./Drivers/STM32F1xx_HAL_Driver/Src/stm32f1xx_hal_gpio.o
 .debug_info    0x0000000000005a2f      0x88e ./Drivers/STM32F1xx_HAL_Driver/Src/stm32f1xx_hal_rcc.o
 .debug_info    0x00000000000062bd     0x2a45 ./Drivers/STM32F1xx_HAL_Driver/Src/stm32f1xx_hal_tim.o
 .debug_info    0x0000000000008d02     0x14d5 ./Drivers/STM32F1xx_HAL_Driver/Src/stm32f1xx_hal_tim_ex.o

.debug_abbrev   0x0000000000000000     0x1d97
 .debug_abbrev  0x0000000000000000      0x13f ./Core/Src/button.o
 .debug_abbrev  0x000000000000013f      0x136 ./Core/Src/display7SEG.o
 .debug_abbrev  0x0000000000000275       0xc5 ./Core/Src/fsm_auto.o
 .debug_abbrev  0x000000000000033a       0xb6 ./Core/Src/fsm_manual.o
 .debug_abbrev  0x00000000000003f0       0xc5 ./Core/Src/fsm_setting.o
 .debug_abbrev  0x00000000000004b5      0x105 ./Core/Src/fsm_traffic.o
 .debug_abbrev  0x00000000000005ba       0xa9 ./Core/Src/global.o
 .debug_abbrev  0x0000000000000663      0x248 ./Core/Src/main.o
 .debug_abbrev  0x00000000000008ab      0x130 ./Core/Src/software_timer.o
 .debug_abbrev  0x00000000000009db      0x1b7 ./Core/Src/stm32f1xx_hal_msp.o
 .debug_abbrev  0x0000000000000b92      0x176 ./Core/Src/stm32f1xx_it.o
 .debug_abbrev  0x0000000000000d08      0x14e ./Core/Src/system_stm32f1xx.o
 .debug_abbrev  0x0000000000000e56      0x110 ./Core/Src/traffic_2_lane.o
 .debug_abbrev  0x0000000000000f66       0x12 ./Core/Startup/startup_stm32f103c6tx.o
 .debug_abbrev  0x0000000000000f78      0x1ed ./Drivers/STM32F1xx_HAL_Driver/Src/stm32f1xx_hal.o
 .debug_abbrev  0x0000000000001165      0x313 ./Drivers/STM32F1xx_HAL_Driver/Src/stm32f1xx_hal_cortex.o
 .debug_abbrev  0x0000000000001478      0x1e8 ./Drivers/STM32F1xx_HAL_Driver/Src/stm32f1xx_hal_gpio.o
 .debug_abbrev  0x0000000000001660      0x273 ./Drivers/STM32F1xx_HAL_Driver/Src/stm32f1xx_hal_rcc.o
 .debug_abbrev  0x00000000000018d3      0x25e ./Drivers/STM32F1xx_HAL_Driver/Src/stm32f1xx_hal_tim.o
 .debug_abbrev  0x0000000000001b31      0x266 ./Drivers/STM32F1xx_HAL_Driver/Src/stm32f1xx_hal_tim_ex.o

.debug_aranges  0x0000000000000000      0xb28
 .debug_aranges
                0x0000000000000000       0x50 ./Core/Src/button.o
 .debug_aranges
                0x0000000000000050       0x38 ./Core/Src/display7SEG.o
 .debug_aranges
                0x0000000000000088       0x28 ./Core/Src/fsm_auto.o
 .debug_aranges
                0x00000000000000b0       0x20 ./Core/Src/fsm_manual.o
 .debug_aranges
                0x00000000000000d0       0x30 ./Core/Src/fsm_setting.o
 .debug_aranges
                0x0000000000000100       0x28 ./Core/Src/fsm_traffic.o
 .debug_aranges
                0x0000000000000128       0x18 ./Core/Src/global.o
 .debug_aranges
                0x0000000000000140       0x48 ./Core/Src/main.o
 .debug_aranges
                0x0000000000000188       0x30 ./Core/Src/software_timer.o
 .debug_aranges
                0x00000000000001b8       0x30 ./Core/Src/stm32f1xx_hal_msp.o
 .debug_aranges
                0x00000000000001e8       0x68 ./Core/Src/stm32f1xx_it.o
 .debug_aranges
                0x0000000000000250       0x28 ./Core/Src/system_stm32f1xx.o
 .debug_aranges
                0x0000000000000278       0x88 ./Core/Src/traffic_2_lane.o
 .debug_aranges
                0x0000000000000300       0x28 ./Core/Startup/startup_stm32f103c6tx.o
 .debug_aranges
                0x0000000000000328       0xe0 ./Drivers/STM32F1xx_HAL_Driver/Src/stm32f1xx_hal.o
 .debug_aranges
                0x0000000000000408      0x100 ./Drivers/STM32F1xx_HAL_Driver/Src/stm32f1xx_hal_cortex.o
 .debug_aranges
                0x0000000000000508       0x58 ./Drivers/STM32F1xx_HAL_Driver/Src/stm32f1xx_hal_gpio.o
 .debug_aranges
                0x0000000000000560       0x90 ./Drivers/STM32F1xx_HAL_Driver/Src/stm32f1xx_hal_rcc.o
 .debug_aranges
                0x00000000000005f0      0x3d0 ./Drivers/STM32F1xx_HAL_Driver/Src/stm32f1xx_hal_tim.o
 .debug_aranges
                0x00000000000009c0      0x168 ./Drivers/STM32F1xx_HAL_Driver/Src/stm32f1xx_hal_tim_ex.o

.debug_ranges   0x0000000000000000      0x9e8
 .debug_ranges  0x0000000000000000       0x40 ./Core/Src/button.o
 .debug_ranges  0x0000000000000040       0x28 ./Core/Src/display7SEG.o
 .debug_ranges  0x0000000000000068       0x18 ./Core/Src/fsm_auto.o
 .debug_ranges  0x0000000000000080       0x10 ./Core/Src/fsm_manual.o
 .debug_ranges  0x0000000000000090       0x20 ./Core/Src/fsm_setting.o
 .debug_ranges  0x00000000000000b0       0x18 ./Core/Src/fsm_traffic.o
 .debug_ranges  0x00000000000000c8       0x38 ./Core/Src/main.o
 .debug_ranges  0x0000000000000100       0x20 ./Core/Src/software_timer.o
 .debug_ranges  0x0000000000000120       0x20 ./Core/Src/stm32f1xx_hal_msp.o
 .debug_ranges  0x0000000000000140       0x58 ./Core/Src/stm32f1xx_it.o
 .debug_ranges  0x0000000000000198       0x18 ./Core/Src/system_stm32f1xx.o
 .debug_ranges  0x00000000000001b0       0x78 ./Core/Src/traffic_2_lane.o
 .debug_ranges  0x0000000000000228       0x20 ./Core/Startup/startup_stm32f103c6tx.o
 .debug_ranges  0x0000000000000248       0xd0 ./Drivers/STM32F1xx_HAL_Driver/Src/stm32f1xx_hal.o
 .debug_ranges  0x0000000000000318       0xf0 ./Drivers/STM32F1xx_HAL_Driver/Src/stm32f1xx_hal_cortex.o
 .debug_ranges  0x0000000000000408       0x48 ./Drivers/STM32F1xx_HAL_Driver/Src/stm32f1xx_hal_gpio.o
 .debug_ranges  0x0000000000000450       0x80 ./Drivers/STM32F1xx_HAL_Driver/Src/stm32f1xx_hal_rcc.o
 .debug_ranges  0x00000000000004d0      0x3c0 ./Drivers/STM32F1xx_HAL_Driver/Src/stm32f1xx_hal_tim.o
 .debug_ranges  0x0000000000000890      0x158 ./Drivers/STM32F1xx_HAL_Driver/Src/stm32f1xx_hal_tim_ex.o

.debug_macro    0x0000000000000000    0x17512
 .debug_macro   0x0000000000000000      0x1c9 ./Core/Src/button.o
 .debug_macro   0x00000000000001c9      0xa9c ./Core/Src/button.o
 .debug_macro   0x0000000000000c65      0x215 ./Core/Src/button.o
 .debug_macro   0x0000000000000e7a       0x2e ./Core/Src/button.o
 .debug_macro   0x0000000000000ea8       0x22 ./Core/Src/button.o
 .debug_macro   0x0000000000000eca       0x22 ./Core/Src/button.o
 .debug_macro   0x0000000000000eec       0x8e ./Core/Src/button.o
 .debug_macro   0x0000000000000f7a       0x51 ./Core/Src/button.o
 .debug_macro   0x0000000000000fcb      0x103 ./Core/Src/button.o
 .debug_macro   0x00000000000010ce       0x6a ./Core/Src/button.o
 .debug_macro   0x0000000000001138      0x1df ./Core/Src/button.o
 .debug_macro   0x0000000000001317       0x1c ./Core/Src/button.o
 .debug_macro   0x0000000000001333       0x22 ./Core/Src/button.o
 .debug_macro   0x0000000000001355       0xc3 ./Core/Src/button.o
 .debug_macro   0x0000000000001418      0xd23 ./Core/Src/button.o
 .debug_macro   0x000000000000213b     0xde75 ./Core/Src/button.o
 .debug_macro   0x000000000000ffb0       0x6d ./Core/Src/button.o
 .debug_macro   0x000000000001001d     0x3468 ./Core/Src/button.o
 .debug_macro   0x0000000000013485      0x174 ./Core/Src/button.o
 .debug_macro   0x00000000000135f9       0x5c ./Core/Src/button.o
 .debug_macro   0x0000000000013655      0x5be ./Core/Src/button.o
 .debug_macro   0x0000000000013c13      0x1b7 ./Core/Src/button.o
 .debug_macro   0x0000000000013dca      0x1cb ./Core/Src/button.o
 .debug_macro   0x0000000000013f95      0x114 ./Core/Src/button.o
 .debug_macro   0x00000000000140a9      0x1b2 ./Core/Src/button.o
 .debug_macro   0x000000000001425b       0x27 ./Core/Src/button.o
 .debug_macro   0x0000000000014282      0x12f ./Core/Src/button.o
 .debug_macro   0x00000000000143b1      0x1bc ./Core/Src/button.o
 .debug_macro   0x000000000001456d       0x34 ./Core/Src/button.o
 .debug_macro   0x00000000000145a1       0x3c ./Core/Src/button.o
 .debug_macro   0x00000000000145dd       0x57 ./Core/Src/button.o
 .debug_macro   0x0000000000014634       0x88 ./Core/Src/button.o
 .debug_macro   0x00000000000146bc      0x183 ./Core/Src/button.o
 .debug_macro   0x000000000001483f      0x141 ./Core/Src/button.o
 .debug_macro   0x0000000000014980      0x8d1 ./Core/Src/button.o
 .debug_macro   0x0000000000015251       0x69 ./Core/Src/button.o
 .debug_macro   0x00000000000152ba      0x154 ./Core/Src/button.o
 .debug_macro   0x000000000001540e       0x28 ./Core/Src/button.o
 .debug_macro   0x0000000000015436       0x10 ./Core/Src/button.o
 .debug_macro   0x0000000000015446      0x1ba ./Core/Src/display7SEG.o
 .debug_macro   0x0000000000015600      0x1df ./Core/Src/fsm_auto.o
 .debug_macro   0x00000000000157df       0x3a ./Core/Src/fsm_auto.o
 .debug_macro   0x0000000000015819      0x246 ./Core/Src/fsm_manual.o
 .debug_macro   0x0000000000015a5f       0x2e ./Core/Src/fsm_manual.o
 .debug_macro   0x0000000000015a8d       0x3a ./Core/Src/fsm_manual.o
 .debug_macro   0x0000000000015ac7      0x1d1 ./Core/Src/fsm_setting.o
 .debug_macro   0x0000000000015c98      0x1f4 ./Core/Src/fsm_traffic.o
 .debug_macro   0x0000000000015e8c      0x1b0 ./Core/Src/global.o
 .debug_macro   0x000000000001603c      0x252 ./Core/Src/main.o
 .debug_macro   0x000000000001628e      0x1b1 ./Core/Src/software_timer.o
 .debug_macro   0x000000000001643f      0x1a7 ./Core/Src/stm32f1xx_hal_msp.o
 .debug_macro   0x00000000000165e6      0x1b1 ./Core/Src/stm32f1xx_it.o
 .debug_macro   0x0000000000016797      0x198 ./Core/Src/system_stm32f1xx.o
 .debug_macro   0x000000000001692f      0x1b1 ./Core/Src/traffic_2_lane.o
 .debug_macro   0x0000000000016ae0      0x1bc ./Drivers/STM32F1xx_HAL_Driver/Src/stm32f1xx_hal.o
 .debug_macro   0x0000000000016c9c      0x198 ./Drivers/STM32F1xx_HAL_Driver/Src/stm32f1xx_hal_cortex.o
 .debug_macro   0x0000000000016e34      0x203 ./Drivers/STM32F1xx_HAL_Driver/Src/stm32f1xx_hal_gpio.o
 .debug_macro   0x0000000000017037      0x1aa ./Drivers/STM32F1xx_HAL_Driver/Src/stm32f1xx_hal_rcc.o
 .debug_macro   0x00000000000171e1      0x199 ./Drivers/STM32F1xx_HAL_Driver/Src/stm32f1xx_hal_tim.o
 .debug_macro   0x000000000001737a      0x198 ./Drivers/STM32F1xx_HAL_Driver/Src/stm32f1xx_hal_tim_ex.o

.debug_line     0x0000000000000000     0xd61b
 .debug_line    0x0000000000000000      0x874 ./Core/Src/button.o
 .debug_line    0x0000000000000874      0x76d ./Core/Src/display7SEG.o
 .debug_line    0x0000000000000fe1      0x845 ./Core/Src/fsm_auto.o
 .debug_line    0x0000000000001826      0x7b6 ./Core/Src/fsm_manual.o
 .debug_line    0x0000000000001fdc      0x799 ./Core/Src/fsm_setting.o
 .debug_line    0x0000000000002775      0x742 ./Core/Src/fsm_traffic.o
 .debug_line    0x0000000000002eb7      0x64d ./Core/Src/global.o
 .debug_line    0x0000000000003504      0x821 ./Core/Src/main.o
 .debug_line    0x0000000000003d25      0x6c3 ./Core/Src/software_timer.o
 .debug_line    0x00000000000043e8      0x6a1 ./Core/Src/stm32f1xx_hal_msp.o
 .debug_line    0x0000000000004a89      0x73f ./Core/Src/stm32f1xx_it.o
 .debug_line    0x00000000000051c8      0x6e3 ./Core/Src/system_stm32f1xx.o
 .debug_line    0x00000000000058ab      0x7be ./Core/Src/traffic_2_lane.o
 .debug_line    0x0000000000006069       0x87 ./Core/Startup/startup_stm32f103c6tx.o
 .debug_line    0x00000000000060f0      0x910 ./Drivers/STM32F1xx_HAL_Driver/Src/stm32f1xx_hal.o
 .debug_line    0x0000000000006a00      0xaf8 ./Drivers/STM32F1xx_HAL_Driver/Src/stm32f1xx_hal_cortex.o
 .debug_line    0x00000000000074f8      0x991 ./Drivers/STM32F1xx_HAL_Driver/Src/stm32f1xx_hal_gpio.o
 .debug_line    0x0000000000007e89      0xd1e ./Drivers/STM32F1xx_HAL_Driver/Src/stm32f1xx_hal_rcc.o
 .debug_line    0x0000000000008ba7     0x326e ./Drivers/STM32F1xx_HAL_Driver/Src/stm32f1xx_hal_tim.o
 .debug_line    0x000000000000be15     0x1806 ./Drivers/STM32F1xx_HAL_Driver/Src/stm32f1xx_hal_tim_ex.o

.debug_str      0x0000000000000000    0x826d9
 .debug_str     0x0000000000000000    0x7f900 ./Core/Src/button.o
                                      0x7fc53 (size before relaxing)
 .debug_str     0x000000000007f900       0x68 ./Core/Src/display7SEG.o
                                      0x7fb09 (size before relaxing)
 .debug_str     0x000000000007f968       0xde ./Core/Src/fsm_auto.o
                                      0x7fb38 (size before relaxing)
 .debug_str     0x000000000007fa46      0x1a5 ./Core/Src/fsm_manual.o
                                      0x7fce6 (size before relaxing)
 .debug_str     0x000000000007fbeb       0x49 ./Core/Src/fsm_setting.o
                                      0x7fb60 (size before relaxing)
 .debug_str     0x000000000007fc34       0x46 ./Core/Src/fsm_traffic.o
                                      0x7fc40 (size before relaxing)
 .debug_str     0x000000000007fc7a       0x15 ./Core/Src/global.o
                                      0x7fa5b (size before relaxing)
 .debug_str     0x000000000007fc8f      0x6df ./Core/Src/main.o
                                      0x80494 (size before relaxing)
 .debug_str     0x000000000008036e       0x50 ./Core/Src/software_timer.o
                                      0x7f96f (size before relaxing)
 .debug_str     0x00000000000803be      0x2ba ./Core/Src/stm32f1xx_hal_msp.o
                                      0x8011d (size before relaxing)
 .debug_str     0x0000000000080678       0xcd ./Core/Src/stm32f1xx_it.o
                                      0x7fe7f (size before relaxing)
 .debug_str     0x0000000000080745       0x52 ./Core/Src/system_stm32f1xx.o
                                      0x7f4eb (size before relaxing)
 .debug_str     0x0000000000080797       0xd9 ./Core/Src/traffic_2_lane.o
                                      0x7fa2d (size before relaxing)
 .debug_str     0x0000000000080870       0x36 ./Core/Startup/startup_stm32f103c6tx.o
                                         0x56 (size before relaxing)
 .debug_str     0x00000000000808a6      0x304 ./Drivers/STM32F1xx_HAL_Driver/Src/stm32f1xx_hal.o
                                      0x7fb42 (size before relaxing)
 .debug_str     0x0000000000080baa      0x300 ./Drivers/STM32F1xx_HAL_Driver/Src/stm32f1xx_hal_cortex.o
                                      0x7fb4a (size before relaxing)
 .debug_str     0x0000000000080eaa      0x324 ./Drivers/STM32F1xx_HAL_Driver/Src/stm32f1xx_hal_gpio.o
                                      0x7f8af (size before relaxing)
 .debug_str     0x00000000000811ce      0x24f ./Drivers/STM32F1xx_HAL_Driver/Src/stm32f1xx_hal_rcc.o
                                      0x7f8e8 (size before relaxing)
 .debug_str     0x000000000008141d      0xdce ./Drivers/STM32F1xx_HAL_Driver/Src/stm32f1xx_hal_tim.o
                                      0x808ba (size before relaxing)
 .debug_str     0x00000000000821eb      0x4ee ./Drivers/STM32F1xx_HAL_Driver/Src/stm32f1xx_hal_tim_ex.o
                                      0x8006b (size before relaxing)

.comment        0x0000000000000000       0x53
 .comment       0x0000000000000000       0x53 ./Core/Src/button.o
                                         0x54 (size before relaxing)
 .comment       0x0000000000000053       0x54 ./Core/Src/display7SEG.o
 .comment       0x0000000000000053       0x54 ./Core/Src/fsm_auto.o
 .comment       0x0000000000000053       0x54 ./Core/Src/fsm_manual.o
 .comment       0x0000000000000053       0x54 ./Core/Src/fsm_setting.o
 .comment       0x0000000000000053       0x54 ./Core/Src/fsm_traffic.o
 .comment       0x0000000000000053       0x54 ./Core/Src/global.o
 .comment       0x0000000000000053       0x54 ./Core/Src/main.o
 .comment       0x0000000000000053       0x54 ./Core/Src/software_timer.o
 .comment       0x0000000000000053       0x54 ./Core/Src/stm32f1xx_hal_msp.o
 .comment       0x0000000000000053       0x54 ./Core/Src/stm32f1xx_it.o
 .comment       0x0000000000000053       0x54 ./Core/Src/system_stm32f1xx.o
 .comment       0x0000000000000053       0x54 ./Core/Src/traffic_2_lane.o
 .comment       0x0000000000000053       0x54 ./Drivers/STM32F1xx_HAL_Driver/Src/stm32f1xx_hal.o
 .comment       0x0000000000000053       0x54 ./Drivers/STM32F1xx_HAL_Driver/Src/stm32f1xx_hal_cortex.o
 .comment       0x0000000000000053       0x54 ./Drivers/STM32F1xx_HAL_Driver/Src/stm32f1xx_hal_gpio.o
 .comment       0x0000000000000053       0x54 ./Drivers/STM32F1xx_HAL_Driver/Src/stm32f1xx_hal_rcc.o
 .comment       0x0000000000000053       0x54 ./Drivers/STM32F1xx_HAL_Driver/Src/stm32f1xx_hal_tim.o
 .comment       0x0000000000000053       0x54 ./Drivers/STM32F1xx_HAL_Driver/Src/stm32f1xx_hal_tim_ex.o

.debug_frame    0x0000000000000000     0x2aa0
 .debug_frame   0x0000000000000000       0xf8 ./Core/Src/button.o
 .debug_frame   0x00000000000000f8       0xa8 ./Core/Src/display7SEG.o
 .debug_frame   0x00000000000001a0       0x48 ./Core/Src/fsm_auto.o
 .debug_frame   0x00000000000001e8       0x2c ./Core/Src/fsm_manual.o
 .debug_frame   0x0000000000000214       0x64 ./Core/Src/fsm_setting.o
 .debug_frame   0x0000000000000278       0x48 ./Core/Src/fsm_traffic.o
 .debug_frame   0x00000000000002c0       0xd4 ./Core/Src/main.o
 .debug_frame   0x0000000000000394       0x7c ./Core/Src/software_timer.o
 .debug_frame   0x0000000000000410       0x80 ./Core/Src/stm32f1xx_hal_msp.o
 .debug_frame   0x0000000000000490      0x120 ./Core/Src/stm32f1xx_it.o
 .debug_frame   0x00000000000005b0       0x58 ./Core/Src/system_stm32f1xx.o
 .debug_frame   0x0000000000000608      0x198 ./Core/Src/traffic_2_lane.o
 .debug_frame   0x00000000000007a0      0x334 ./Drivers/STM32F1xx_HAL_Driver/Src/stm32f1xx_hal.o
 .debug_frame   0x0000000000000ad4      0x428 ./Drivers/STM32F1xx_HAL_Driver/Src/stm32f1xx_hal_cortex.o
 .debug_frame   0x0000000000000efc      0x14c ./Drivers/STM32F1xx_HAL_Driver/Src/stm32f1xx_hal_gpio.o
 .debug_frame   0x0000000000001048      0x21c ./Drivers/STM32F1xx_HAL_Driver/Src/stm32f1xx_hal_rcc.o
 .debug_frame   0x0000000000001264     0x11b8 ./Drivers/STM32F1xx_HAL_Driver/Src/stm32f1xx_hal_tim.o
 .debug_frame   0x000000000000241c      0x638 ./Drivers/STM32F1xx_HAL_Driver/Src/stm32f1xx_hal_tim_ex.o
 .debug_frame   0x0000000000002a54       0x2c c:/st/stm32cubeide_1.7.0/stm32cubeide/plugins/com.st.stm32cube.ide.mcu.externaltools.gnu-tools-for-stm32.9-2020-q2-update.win32_2.0.0.202105311346/tools/bin/../lib/gcc/arm-none-eabi/9.3.1/../../../../arm-none-eabi/lib/thumb/v7-m/nofp\libc_nano.a(lib_a-init.o)
 .debug_frame   0x0000000000002a80       0x20 c:/st/stm32cubeide_1.7.0/stm32cubeide/plugins/com.st.stm32cube.ide.mcu.externaltools.gnu-tools-for-stm32.9-2020-q2-update.win32_2.0.0.202105311346/tools/bin/../lib/gcc/arm-none-eabi/9.3.1/../../../../arm-none-eabi/lib/thumb/v7-m/nofp\libc_nano.a(lib_a-memset.o)
